
1 2 3 4 5 


_5 _5 _2 
11 
1 1 


7 8 9 
7 8 9 
16 4 4 





11 
25 
18 
18 
64 
18 
0 


21 
54 
_2 


_12 _20 _24 
_29 


2 
3 3 


1 
0 1 


1 1 1 
1 0 1 

1 
0 
1 
1 
1 
1 
0 
0 
1 
1 0 1 

i =: <asignada> 
j =: <asignada> 

0 
1 
1 
0 
1 
0 

k =: <asignada> 
0 

l =: <asignada> 
1 0 0 



2 
1 _2 3 


1 3 5 2 4 6 
1 2 4 
1 2 _2 _3 


3 


5 7 


2 4 
2 3 2 4 


0 1 2 3 

0 1 2 


1 
3 


9 
24 
512 
0 


2 4 6 8 
16 25 49 64 


5 
0 
3 
6 
14 
10 14 18 
0 1 4 9 16 


x =: <asignada> 
y =: <asignada> 

1 2 3 4 5 
9 


2 3 4 5 6 
2 6 12 20 30 
37 38 39 40 41 
1 4 9 16 25 
0 0 2 2 2 
0 1 1 2 2 
4 6 8 9 11 
0 1 2 3 4 5 6 7 8 



square =: <asignada> 
1 4 9 16 
1 4 9 


mod2 =: <asignada> 
0 1 0 1 


eq0 =: <asignada> 
1 0 1 0 1 0 

parell =: <asignada> 
1 0 1 0 1 0 

parell =: <asignada> 
1 0 1 0 1 0 

inc =: <asignada> 
test =: <asignada> 
6 

quad =: <asignada> 






mascara =: <asignada> 
valors =: <asignada> 
10 30 

triplica =: <asignada> 
6 12 

primer =: <asignada> 
segon =: <asignada> 
100 
200 





