a =: 5 

b =: 1 2 3 

6 7 8 

c =: 7 

7 

d =: 2 4 6 

2 4 6 

e =: 8 11 14 

8 11 14 

f =: 49 

49 

g =: 0 2 2 

0 2 2 

b =: 4 4 4 

4 4 4 

i =: _1 

_4 _4 _4 
